// Jest Snapshot v1, https://goo.gl/fbAQLP

exports[`test on Todo Form add todo should be display correctly 1`] = `
<form
  onSubmit={[Function]}
>
  <input
    autoComplete="off"
    className="form-control"
    name="description"
    onChange={[Function]}
    placeholder="To Do..."
    type="text"
    value=""
  />
  <button
    className="btn btn-outline-primary mt-2 btn-block"
    type="submit"
  >
    Add
  </button>
</form>
`;
