// Jest Snapshot v1, https://goo.gl/fbAQLP

exports[`test on <TodoApp/> should be match to snapshot 1`] = `
<div>
  <h1>
    Todos (
    0
    )
  </h1>
  <hr />
  <div
    className="row"
  >
    <div
      className="col-7"
    >
      <TodoList
        dispatch={[Function]}
        todos={Array []}
      />
    </div>
    <div
      className="col-5"
    >
      <h5>
        Add ToDo
      </h5>
      <hr />
      <TodoForm
        dispatch={[Function]}
      />
    </div>
  </div>
</div>
`;
