// Jest Snapshot v1, https://goo.gl/fbAQLP

exports[`test on <HomeScreen/> should be display to match with the snapshot 1`] = `
<div>
  <h1>
    Home Screen
  </h1>
  <hr />
  <pre
    className="container"
  >
    {
  "name": "smog",
  "email": "smog@gmail.com"
}
  </pre>
</div>
`;
