// Jest Snapshot v1, https://goo.gl/fbAQLP

exports[`test on <LoginScreen/> component should be math to snapshot 1`] = `
<div>
  <h1>
    Login Screen
  </h1>
  <hr />
  <div
    className="container-md"
  >
    <form
      onSubmit={[Function]}
    >
      <input
        autoComplete="off"
        className="form-control"
        name="userName"
        onChange={[Function]}
        placeholder="User name"
        type="text"
      />
      <button
        className="btn btn-outline-primary mt-2 btn-block"
        type="submit"
      >
        Login
      </button>
    </form>
  </div>
</div>
`;
